// Jest Snapshot v1, https://goo.gl/fbAQLP

exports[`Alert Snapshot Test 1`] = `
<div
  className="alert-container deploy-in"
>
  <div>
    <i
      className="alert-close-icon fas fa-chevron-right"
    />
  </div>
  <div
    className="alert-icon-container"
  >
    <i
      className="alert-icon undefined"
    />
  </div>
  <div
    className="alert-message"
  >
    <div
      className="title"
    >
      <h3 />
      <div />
    </div>
    <p />
  </div>
</div>
`;
