// Jest Snapshot v1, https://goo.gl/fbAQLP

exports[`DashInput Snapshot Test 1`] = `
<div
  className="input-dash-container"
>
  <label />
  <input
    className="input-dash undefined"
  />
</div>
`;
