// Jest Snapshot v1, https://goo.gl/fbAQLP

exports[`Search List snapshot test 1`] = `
<div
  className="search-container undefined"
>
  <div>
    <input />
  </div>
</div>
`;
