// Jest Snapshot v1, https://goo.gl/fbAQLP

exports[`Types Snapshot Test 1`] = `
<div
  className="types animated fadeInRight"
>
  <i />
  <div
    className="title"
  />
</div>
`;
